
> fudosan-satei-mado@0.1.0 build
> next build

笆ｲ Next.js 16.1.1 (Turbopack)

  Creating an optimized production build ...
笨・Compiled successfully in 5.4s
  Running TypeScript ...
node.exe : Failed to c
ompile.
発生場所 行:1 文字:1
+ & "C:\Program Files\
nodejs/node.exe" "C:\P
rogram Files\nodejs/no
de_mo ...
+ ~~~~~~~~~~~~~~~~~~~~
~~~~~~~~~~~~~~~~~~~~~~
~~~~~~~~~~~~~~~~~~~~~~
~~~~~
    + CategoryInfo    
          : NotSpeci  
  fied: (Failed to    
 compile.:String)     
[], RemoteExcepti    o
n
    + FullyQualifiedE 
   rrorId : NativeCo  
  mmandError
 

./src/components/chart
s/BuildingCorrelationC
hart.tsx:14:10
Type error: Module '"@
/types"' has no export
ed member 'BuildingCor
relationData'.

[0m [90m 12 |[39m  
   [33mReferenceArea
[39m[33m,[39m
 [90m 13 |[39m } [3
6mfrom[39m [32m"rech
arts"[39m[33m;[39m
[31m[1m>[22m[39m[
90m 14 |[39m [36mimp
ort[39m { [33mBuildi
ngCorrelationData[39m
 } [36mfrom[39m [32
m"@/types"[39m[33m;
[39m
 [90m    |[39m      
    [31m[1m^[22m[3
9m
 [90m 15 |[39m
 [90m 16 |[39m [36m
interface[39m [33mBu
ildingCorrelationChart
Props[39m {
 [90m 17 |[39m     d
ata[33m:[39m [33mBu
ildingCorrelationData
[39m[33m;[39m[0m
Next.js build worker e
xited with code: 1 and
 signal: null
