src/components/charts/BuildingCorrelationChart.tsx(14,10): error TS2305: Module '"@/types"' has no exported member 'BuildingCorrelationData'.
src/components/charts/PriceTrendChart.tsx(13,10): error TS2305: Module '"@/types"' has no exported member 'PriceTrendData'.
src/components/charts/PriceTrendChart.tsx(22,40): error TS7006: Parameter 'label' implicitly has an 'any' type.
src/components/charts/PriceTrendChart.tsx(22,47): error TS7006: Parameter 'index' implicitly has an 'any' type.
src/components/charts/RoadWidthChart.tsx(14,10): error TS2305: Module '"@/types"' has no exported member 'RoadWidthData'.
src/components/charts/SimulationChart.tsx(13,10): error TS2305: Module '"@/types"' has no exported member 'SimulationData'.
src/components/charts/SimulationChart.tsx(21,39): error TS7006: Parameter 'year' implicitly has an 'any' type.
src/components/charts/SimulationChart.tsx(21,45): error TS7006: Parameter 'index' implicitly has an 'any' type.
src/components/guide/GuideHorizontalBanner.tsx(1,10): error TS2305: Module '"@/lib/siteConfig"' has no exported member 'guideBanners'.
src/components/guide/GuideSideBanners.tsx(1,10): error TS2305: Module '"@/lib/siteConfig"' has no exported member 'guideBanners'.
src/components/guide/GuideSideBanners.tsx(20,27): error TS7006: Parameter 'banner' implicitly has an 'any' type.
